// Mapper Data Processing Tool
// Main entry point for data processing operations

import std/io
import std/math
import std/data

// Configuration
config {
  input_format: "csv"
  output_format: "json"
  debug: false
  batch_size: 1000
}

// Data Processor Class
class DataProcessor {
  constructor(config) {
    this.config = config
    this.processors = []
    this.logger = Logger.new(config.debug)
  }

  add_processor(processor) {
    this.processors.append(processor)
  }

  process(data) {
    this.logger.info("Starting data processing")
    processed_data = data
    
    for processor in this.processors {
      processed_data = processor.execute(processed_data)
      if this.config.debug {
        this.logger.debug("Processed by: " + processor.name)
      }
    }
    
    this.logger.info("Data processing complete")
    return processed_data
  }
  
  validate(data) {
    if data == null {
      throw "Data cannot be null"
    }
    return true
  }
}

// Logger Class
class Logger {
  constructor(debug) {
    this.debug_mode = debug
  }
  
  info(message) {
    print("[INFO] " + message)
  }
  
  debug(message) {
    if this.debug_mode {
      print("[DEBUG] " + message)
    }
  }
  
  error(message) {
    print("[ERROR] " + message)
  }
}

// CSV Parser Processor
class CSVProcessor {
  property name = "CSVProcessor"
  
  execute(data) {
    if data is String {
      return parse_csv(data)
    }
    return data
  }
  
  parse_csv(csv_text) {
    lines = csv_text.split("\n")
    if lines.empty {
      return []
    }
    
    headers = lines[0].split(",")
    records = []
    
    for line in lines[1:] {
      values = line.split(",")
      if values.length == headers.length {
        record = {}
        for i in range(headers.length) {
          record[headers[i]] = values[i]
        }
        records.append(record)
      }
    }
    
    return records
  }
}

// JSON Formatter Processor
class JSONFormatterProcessor {
  property name = "JSONFormatterProcessor"
  
  execute(data) {
    if data is List {
      return format_json(data)
    }
    return data
  }
  
  format_json(data) {
    return json_encode(data)
  }
}

// Statistical Analysis Processor
class StatisticalAnalysisProcessor {
  property name = "StatisticalAnalysisProcessor"
  
  execute(data) {
    if data is List and data.length > 0 {
      values = extract_values(data)
      if values.not_empty {
        analysis = perform_statistics(values)
        return { data: data, analysis: analysis }
      }
    }
    return data
  }
  
  extract_values(records) {
    values = []
    for record in records {
      if record is Dictionary and record.has_key("value") {
        values.append(record["value"].to_number())
      }
    }
    return values
  }
  
  perform_statistics(values) {
    if values.empty {
      return { mean: 0, variance: 0, std_dev: 0 }
    }
    
    sum = values.reduce((a, b) => a + b, 0)
    mean = sum / values.length
    
    variance_sum = values.reduce((a, b) => a + (b - mean) ** 2, 0)
    variance = variance_sum / values.length
    std_dev = Math.sqrt(variance)
    
    return { mean: mean, variance: variance, std_dev: std_dev }
  }
}

// Main Execution
function main(args) {
  config = {
    input_format: args.get("input_format", "csv"),
    output_format: args.get("output_format", "json"),
    debug: args.get("debug", false).to_boolean()
  }
  
  processor = DataProcessor.new(config)
  processor.add_processor(CSVProcessor.new())
  processor.add_processor(StatisticalAnalysisProcessor.new())
  processor.add_processor(JSONFormatterProcessor.new())
  
  input_data = read_stdin()
  
  if processor.validate(input_data) {
    result = processor.process(input_data)
    print(result)
  } else {
    print("[ERROR] Invalid input data")
  }
}

// Run main function
main(argv)
